2026-03-23 15:25:31 [main] INFO  c.e.s.ScoreManageApplication - Starting ScoreManageApplication using Java 25.0.2 with PID 21720 (D:\code\ideaProjects\score-manage\target\classes started by 97715 in D:\code\ideaProjects\score-manage)
2026-03-23 15:25:31 [main] INFO  c.e.s.ScoreManageApplication - No active profile set, falling back to 1 default profile: "default"
2026-03-23 15:25:33 [main] INFO  o.s.boot.tomcat.TomcatWebServer - Tomcat initialized with port 8000 (http)
2026-03-23 15:25:33 [main] INFO  o.a.coyote.http11.Http11NioProtocol - Initializing ProtocolHandler ["http-nio-8000"]
2026-03-23 15:25:33 [main] INFO  o.a.catalina.core.StandardService - Starting service [Tomcat]
2026-03-23 15:25:33 [main] INFO  o.a.catalina.core.StandardEngine - Starting Servlet engine: [Apache Tomcat/11.0.18]
2026-03-23 15:25:33 [main] INFO  o.s.b.w.c.s.WebApplicationContextInitializer - Root WebApplicationContext: initialization completed in 2328 ms
2026-03-23 15:25:34 [main] INFO  o.a.coyote.http11.Http11NioProtocol - Starting ProtocolHandler ["http-nio-8000"]
2026-03-23 15:25:34 [main] WARN  o.s.b.w.s.s.c.AnnotationConfigServletWebServerApplicationContext - Exception encountered during context initialization - cancelling refresh attempt: org.springframework.context.ApplicationContextException: Failed to start bean 'webServerStartStop'
2026-03-23 15:25:34 [main] INFO  o.s.b.a.l.ConditionEvaluationReportLogger - 

Error starting ApplicationContext. To display the condition evaluation report re-run your application with 'debug' enabled.
2026-03-23 15:27:17 [main] INFO  c.e.s.ScoreManageApplication - Starting ScoreManageApplication using Java 25.0.2 with PID 11452 (D:\code\ideaProjects\score-manage\target\classes started by 97715 in D:\code\ideaProjects\score-manage)
2026-03-23 15:27:17 [main] INFO  c.e.s.ScoreManageApplication - No active profile set, falling back to 1 default profile: "default"
2026-03-23 15:27:19 [main] INFO  o.s.boot.tomcat.TomcatWebServer - Tomcat initialized with port 8000 (http)
2026-03-23 15:27:19 [main] INFO  o.a.coyote.http11.Http11NioProtocol - Initializing ProtocolHandler ["http-nio-8000"]
2026-03-23 15:27:19 [main] INFO  o.a.catalina.core.StandardService - Starting service [Tomcat]
2026-03-23 15:27:19 [main] INFO  o.a.catalina.core.StandardEngine - Starting Servlet engine: [Apache Tomcat/11.0.18]
2026-03-23 15:27:19 [main] INFO  o.s.b.w.c.s.WebApplicationContextInitializer - Root WebApplicationContext: initialization completed in 1942 ms
2026-03-23 15:27:20 [main] INFO  o.a.coyote.http11.Http11NioProtocol - Starting ProtocolHandler ["http-nio-8000"]
2026-03-23 15:27:20 [main] WARN  o.s.b.w.s.s.c.AnnotationConfigServletWebServerApplicationContext - Exception encountered during context initialization - cancelling refresh attempt: org.springframework.context.ApplicationContextException: Failed to start bean 'webServerStartStop'
2026-03-23 15:27:20 [main] INFO  o.s.b.a.l.ConditionEvaluationReportLogger - 

Error starting ApplicationContext. To display the condition evaluation report re-run your application with 'debug' enabled.
2026-03-23 15:28:59 [main] INFO  c.e.s.ScoreManageApplication - Starting ScoreManageApplication using Java 25.0.2 with PID 26628 (D:\code\ideaProjects\score-manage\target\classes started by 97715 in D:\code\ideaProjects\score-manage)
2026-03-23 15:28:59 [main] INFO  c.e.s.ScoreManageApplication - No active profile set, falling back to 1 default profile: "default"
2026-03-23 15:29:01 [main] INFO  o.s.boot.tomcat.TomcatWebServer - Tomcat initialized with port 8000 (http)
2026-03-23 15:29:01 [main] INFO  o.a.coyote.http11.Http11NioProtocol - Initializing ProtocolHandler ["http-nio-8000"]
2026-03-23 15:29:01 [main] INFO  o.a.catalina.core.StandardService - Starting service [Tomcat]
2026-03-23 15:29:01 [main] INFO  o.a.catalina.core.StandardEngine - Starting Servlet engine: [Apache Tomcat/11.0.18]
2026-03-23 15:29:01 [main] INFO  o.s.b.w.c.s.WebApplicationContextInitializer - Root WebApplicationContext: initialization completed in 1792 ms
2026-03-23 15:29:02 [main] INFO  o.a.coyote.http11.Http11NioProtocol - Starting ProtocolHandler ["http-nio-8000"]
2026-03-23 15:29:02 [main] WARN  o.s.b.w.s.s.c.AnnotationConfigServletWebServerApplicationContext - Exception encountered during context initialization - cancelling refresh attempt: org.springframework.context.ApplicationContextException: Failed to start bean 'webServerStartStop'
2026-03-23 15:29:02 [main] INFO  o.s.b.a.l.ConditionEvaluationReportLogger - 

Error starting ApplicationContext. To display the condition evaluation report re-run your application with 'debug' enabled.
2026-03-23 15:39:10 [main] INFO  c.e.s.ScoreManageApplication - Starting ScoreManageApplication using Java 25.0.2 with PID 22004 (D:\code\ideaProjects\score-manage\target\classes started by 97715 in D:\code\ideaProjects\score-manage)
2026-03-23 15:39:10 [main] INFO  c.e.s.ScoreManageApplication - No active profile set, falling back to 1 default profile: "default"
2026-03-23 15:39:12 [main] INFO  o.s.boot.tomcat.TomcatWebServer - Tomcat initialized with port 8000 (http)
2026-03-23 15:39:12 [main] INFO  o.a.coyote.http11.Http11NioProtocol - Initializing ProtocolHandler ["http-nio-8000"]
2026-03-23 15:39:12 [main] INFO  o.a.catalina.core.StandardService - Starting service [Tomcat]
2026-03-23 15:39:12 [main] INFO  o.a.catalina.core.StandardEngine - Starting Servlet engine: [Apache Tomcat/11.0.18]
2026-03-23 15:39:12 [main] INFO  o.s.b.w.c.s.WebApplicationContextInitializer - Root WebApplicationContext: initialization completed in 1809 ms
2026-03-23 15:39:13 [main] INFO  o.a.coyote.http11.Http11NioProtocol - Starting ProtocolHandler ["http-nio-8000"]
2026-03-23 15:39:13 [main] WARN  o.s.b.w.s.s.c.AnnotationConfigServletWebServerApplicationContext - Exception encountered during context initialization - cancelling refresh attempt: org.springframework.context.ApplicationContextException: Failed to start bean 'webServerStartStop'
2026-03-23 15:39:13 [main] INFO  o.s.b.a.l.ConditionEvaluationReportLogger - 

Error starting ApplicationContext. To display the condition evaluation report re-run your application with 'debug' enabled.
2026-03-23 16:20:35 [main] INFO  c.e.s.ScoreManageApplication - Starting ScoreManageApplication using Java 25.0.2 with PID 10760 (D:\code\ideaProjects\score-manage\target\classes started by 97715 in D:\code\ideaProjects\score-manage)
2026-03-23 16:20:35 [main] INFO  c.e.s.ScoreManageApplication - No active profile set, falling back to 1 default profile: "default"
2026-03-23 16:20:36 [main] INFO  o.s.boot.tomcat.TomcatWebServer - Tomcat initialized with port 8000 (http)
2026-03-23 16:20:36 [main] INFO  o.a.coyote.http11.Http11NioProtocol - Initializing ProtocolHandler ["http-nio-8000"]
2026-03-23 16:20:36 [main] INFO  o.a.catalina.core.StandardService - Starting service [Tomcat]
2026-03-23 16:20:36 [main] INFO  o.a.catalina.core.StandardEngine - Starting Servlet engine: [Apache Tomcat/11.0.18]
2026-03-23 16:20:36 [main] INFO  o.s.b.w.c.s.WebApplicationContextInitializer - Root WebApplicationContext: initialization completed in 988 ms
2026-03-23 16:20:37 [main] INFO  o.a.coyote.http11.Http11NioProtocol - Starting ProtocolHandler ["http-nio-8000"]
2026-03-23 16:20:37 [main] WARN  o.s.b.w.s.s.c.AnnotationConfigServletWebServerApplicationContext - Exception encountered during context initialization - cancelling refresh attempt: org.springframework.context.ApplicationContextException: Failed to start bean 'webServerStartStop'
2026-03-23 16:20:37 [main] INFO  o.s.b.a.l.ConditionEvaluationReportLogger - 

Error starting ApplicationContext. To display the condition evaluation report re-run your application with 'debug' enabled.
2026-03-23 16:22:35 [main] INFO  c.e.s.ScoreManageApplication - Starting ScoreManageApplication using Java 25.0.2 with PID 27096 (D:\code\ideaProjects\score-manage\target\classes started by 97715 in D:\code\ideaProjects\score-manage)
2026-03-23 16:22:35 [main] INFO  c.e.s.ScoreManageApplication - No active profile set, falling back to 1 default profile: "default"
2026-03-23 16:22:36 [main] INFO  o.s.boot.tomcat.TomcatWebServer - Tomcat initialized with port 8070 (http)
2026-03-23 16:22:36 [main] INFO  o.a.coyote.http11.Http11NioProtocol - Initializing ProtocolHandler ["http-nio-8070"]
2026-03-23 16:22:36 [main] INFO  o.a.catalina.core.StandardService - Starting service [Tomcat]
2026-03-23 16:22:36 [main] INFO  o.a.catalina.core.StandardEngine - Starting Servlet engine: [Apache Tomcat/11.0.18]
2026-03-23 16:22:36 [main] INFO  o.s.b.w.c.s.WebApplicationContextInitializer - Root WebApplicationContext: initialization completed in 918 ms
2026-03-23 16:22:36 [main] INFO  o.a.coyote.http11.Http11NioProtocol - Starting ProtocolHandler ["http-nio-8070"]
2026-03-23 16:22:36 [main] INFO  o.s.boot.tomcat.TomcatWebServer - Tomcat started on port 8070 (http) with context path '/'
2026-03-23 16:22:36 [main] INFO  c.e.s.ScoreManageApplication - Started ScoreManageApplication in 2.237 seconds (process running for 3.293)
2026-03-23 16:22:52 [http-nio-8070-exec-1] INFO  o.a.c.c.C.[Tomcat].[localhost].[/] - Initializing Spring DispatcherServlet 'dispatcherServlet'
2026-03-23 16:22:52 [http-nio-8070-exec-1] INFO  o.s.web.servlet.DispatcherServlet - Initializing Servlet 'dispatcherServlet'
2026-03-23 16:22:52 [http-nio-8070-exec-1] INFO  o.s.web.servlet.DispatcherServlet - Completed initialization in 0 ms
2026-03-23 16:22:52 [http-nio-8070-exec-1] INFO  c.e.s.service.StudentService - 查询所有学生信息
2026-03-23 16:22:52 [http-nio-8070-exec-1] INFO  com.zaxxer.hikari.HikariDataSource - HikariPool-1 - Starting...
2026-03-23 16:22:53 [http-nio-8070-exec-1] INFO  com.zaxxer.hikari.pool.HikariPool - HikariPool-1 - Added connection com.mysql.cj.jdbc.ConnectionImpl@5eb93ae5
2026-03-23 16:22:53 [http-nio-8070-exec-1] INFO  com.zaxxer.hikari.HikariDataSource - HikariPool-1 - Start completed.
2026-03-23 16:23:58 [http-nio-8070-exec-3] INFO  c.e.s.service.TeacherService - 开始录入教师信息，教师编号：t256，姓名：章章老师
2026-03-23 16:23:58 [http-nio-8070-exec-3] INFO  c.e.s.service.TeacherService - 教师t256录入完成，影响行数：1
2026-03-23 16:24:49 [http-nio-8070-exec-8] INFO  c.e.s.service.StudentService - 开始录入学生成绩，学生编号：s094，姓名：小哈哈
2026-03-23 16:24:49 [http-nio-8070-exec-8] INFO  c.e.s.service.StudentService - 学生s094录入完成，影响行数：1
2026-03-23 16:25:19 [http-nio-8070-exec-7] INFO  c.e.s.service.TeacherService - 查询教师信息，教师编号：t256
2026-03-23 16:28:17 [http-nio-8070-exec-9] INFO  c.e.s.service.TeacherService - 开始录入教师信息，教师编号：t001，姓名：嘿嘿嘿
2026-03-23 16:28:18 [http-nio-8070-exec-9] WARN  c.e.s.service.TeacherService - 教师t001录入失败：
### Error updating database.  Cause: java.sql.SQLIntegrityConstraintViolationException: Duplicate entry 't001' for key 'teachers.PRIMARY'
### The error may exist in com/example/scoremanage/mapper/TeacherMapper.java (best guess)
### The error may involve com.example.scoremanage.mapper.TeacherMapper.insertTeacher-Inline
### The error occurred while setting parameters
### SQL: INSERT INTO teachers(tid, name, subject, class_) VALUES(?, ?, ?, ?)
### Cause: java.sql.SQLIntegrityConstraintViolationException: Duplicate entry 't001' for key 'teachers.PRIMARY'
; Duplicate entry 't001' for key 'teachers.PRIMARY'
2026-03-23 16:29:01 [SpringApplicationShutdownHook] INFO  o.s.boot.tomcat.GracefulShutdown - Commencing graceful shutdown. Waiting for active requests to complete
2026-03-23 16:29:01 [tomcat-shutdown] INFO  o.s.boot.tomcat.GracefulShutdown - Graceful shutdown complete
2026-03-23 16:29:01 [SpringApplicationShutdownHook] INFO  com.zaxxer.hikari.HikariDataSource - HikariPool-1 - Shutdown initiated...
2026-03-23 16:29:01 [SpringApplicationShutdownHook] INFO  com.zaxxer.hikari.HikariDataSource - HikariPool-1 - Shutdown completed.
